[backblue.gif]
[fade.gif]
[index.html]
[cdn-cookieyes.com/client_data/7d4bd2ff95d5e79db273e486/script.js]
[mapus.io/feed/index.html]
[mapus.io/comments/feed/index.html]
[mapus.io/wp-content/plugins/addon-elements-for-elementor-page-builder/assets/js/iconHelper5152.js]
[mapus.io/wp-includes/js/jquery/jquery.minf43b.js]
[mapus.io/wp-includes/js/jquery/jquery-migrate.min5589.js]
[mapus.io/wp-json/index.html]
[mapus.io/wp-json/wp/v2/pages/426.json]
[mapus.io/xmlrpc0db0.php]
[mapus.io/wp-json/oembed/1.0/embed8263.json]
[mapus.io/wp-json/oembed/1.0/embed94e4]
[mapus.io/wp-content/uploads/2020/11/cropped-cropped-digitale_kompetencehjul_medium-32x32.png]
[mapus.io/wp-content/uploads/2020/11/cropped-cropped-digitale_kompetencehjul_medium-192x192.png]
[mapus.io/wp-content/uploads/2020/11/cropped-cropped-digitale_kompetencehjul_medium-180x180.png]
[mapus.io/wp-content/uploads/2020/11/cropped-cropped-digitale_kompetencehjul_medium.png]
[mapus.io/wp-content/uploads/elementor/thumbs/Skaermbillede-2021-03-08-kl.-14.38.27-e1615465892164-p4274oyconlospx515i000ldz9ypqmfiokxeanx5jw.png]
[mapus.io/wp-content/uploads/elementor/thumbs/Skaermbillede-2021-03-08-kl.-14.33.04-p3x1ukk760phw6n7uyerc75c865a8wibmjj1xprzh8.png]
[mapus.io/wp-content/uploads/elementor/thumbs/Skaermbillede-2021-03-08-kl.-14.35.47-p3x1xu20wb6c7fwjsv74hvhyhc25z2grqp2qxaxrvg.png]
[mapus.io/wp-content/uploads/elementor/thumbs/Skaermbillede-2021-03-08-kl.-14.51.13-p3x2m71g0qiv3miojwa1m870ptzmgo6c39qrogtgm4.png]
[mapus.io/wp-content/uploads/elementor/thumbs/Skaermbillede-2021-03-08-kl.-14.42.54-p3x295zzaeos67fzmrj7k0k0ak7grpg9ys7h7e4wv0.png]
[mapus.io/wp-content/uploads/elementor/thumbs/Skaermbillede-2021-03-08-kl.-14.48.19-p3x2hu2ebejz8qup0ifcjtt1ihhbr7v5tosoj9a7h8.png]
[mapus.io/wp-content/uploads/2021/06/reference-banner.png]
[mapus.io/wp-content/uploads/2020/11/cropped-cropped-cropped-digitale_kompetencehjul_medium-150x150.png]
[mapus.io/wp-content/plugins/activecampaign-subscription-forms/site_trackingb1cc.js]
[mapus.io/wp-content/plugins/addon-elements-for-elementor-page-builder/assets/js/eae.mind50e.js]
[mapus.io/wp-content/plugins/addon-elements-for-elementor-page-builder/build/index.mind50e.js]
[mapus.io/wp-content/plugins/elementor/assets/lib/font-awesome/js/v4-shims.min5152.js]
[mapus.io/wp-content/plugins/addon-elements-for-elementor-page-builder/assets/js/animated-main.min5152.js]
[mapus.io/wp-content/plugins/addon-elements-for-elementor-page-builder/assets/js/particles.min001e.js]
[mapus.io/wp-content/plugins/addon-elements-for-elementor-page-builder/assets/lib/vegas/vegas.min8d5a.js]
[mapus.io/wp-content/plugins/elementor-pro/assets/lib/smartmenus/jquery.smartmenus.min1576.js]
[mapus.io/wp-content/plugins/essential-addons-for-elementor-lite/assets/front-end/js/view/general.min42c6.js]
[mapus.io/wp-content/plugins/elementor-pro/assets/js/webpack-pro.runtime.min7ac2.js]
[mapus.io/wp-content/plugins/elementor/assets/js/webpack.runtime.min1c88.js]
[mapus.io/wp-content/plugins/elementor/assets/js/frontend-modules.min1c88.js]
[mapus.io/wp-includes/js/dist/hooks.min4fdd.js]
[mapus.io/wp-includes/js/dist/i18n.minc33c.js]
[mapus.io/wp-content/plugins/elementor-pro/assets/js/frontend.min7ac2.js]
[mapus.io/wp-includes/js/jquery/ui/core.minb37e.js]
[mapus.io/wp-content/plugins/elementor/assets/js/frontend.min1c88.js]
[mapus.io/wp-content/plugins/elementor-pro/assets/js/elements-handlers.min7ac2.js]
[mapus.io/index.html]
[mapus.io/wp-content/plugins/activecampaign-subscription-forms/activecampaign-form-block/build/style-index6220.css]
[mapus.io/wp-content/plugins/addon-elements-for-elementor-page-builder/assets/css/eae.mind50e.css]
[mapus.io/wp-content/plugins/addon-elements-for-elementor-page-builder/assets/lib/peel/peeld50e.css]
[mapus.io/wp-content/plugins/elementor/assets/lib/font-awesome/css/v4-shims.min5152.css]
[mapus.io/wp-content/plugins/elementor/assets/lib/font-awesome/webfonts/fa-brands-400.eot]
[mapus.io/wp-content/plugins/elementor/assets/lib/font-awesome/webfonts/fa-brands-400d41d.eot]
[mapus.io/wp-content/plugins/elementor/assets/lib/font-awesome/webfonts/fa-brands-400.woff2]
[mapus.io/wp-content/plugins/elementor/assets/lib/font-awesome/webfonts/fa-brands-400.woff]
[mapus.io/wp-content/plugins/elementor/assets/lib/font-awesome/webfonts/fa-brands-400.ttf]
[mapus.io/wp-content/plugins/elementor/assets/lib/font-awesome/webfonts/fa-regular-400.eot]
[mapus.io/wp-content/plugins/elementor/assets/lib/font-awesome/webfonts/fa-regular-400d41d.eot]
[mapus.io/wp-content/plugins/elementor/assets/lib/font-awesome/webfonts/fa-regular-400.woff2]
[mapus.io/wp-content/plugins/elementor/assets/lib/font-awesome/webfonts/fa-regular-400.woff]
[mapus.io/wp-content/plugins/elementor/assets/lib/font-awesome/webfonts/fa-regular-400.ttf]
[mapus.io/wp-content/plugins/elementor/assets/lib/font-awesome/webfonts/fa-solid-900.eot]
[mapus.io/wp-content/plugins/elementor/assets/lib/font-awesome/webfonts/fa-solid-900d41d.eot]
[mapus.io/wp-content/plugins/elementor/assets/lib/font-awesome/webfonts/fa-solid-900.woff2]
[mapus.io/wp-content/plugins/elementor/assets/lib/font-awesome/webfonts/fa-solid-900.woff]
[mapus.io/wp-content/plugins/elementor/assets/lib/font-awesome/webfonts/fa-solid-900.ttf]
[mapus.io/wp-content/plugins/elementor/assets/lib/font-awesome/css/all.min5152.css]
[mapus.io/wp-content/plugins/addon-elements-for-elementor-page-builder/assets/lib/vegas/vegas.min8d5a.css]
[mapus.io/wp-content/themes/hello-elementor/style.min5b75.css]
[mapus.io/wp-content/themes/hello-elementor/theme.min5b75.css]
[mapus.io/wp-content/themes/hello-elementor/header-footer.min5b75.css]
[mapus.io/wp-content/plugins/elementor/assets/css/frontend.min1c88.css]
[mapus.io/wp-content/plugins/elementor/assets/css/widget-image.min1c88.css]
[mapus.io/wp-content/plugins/elementor-pro/assets/css/widget-nav-menu.min7ac2.css]
[mapus.io/wp-content/plugins/elementor/assets/css/widget-spacer.min1c88.css]
[mapus.io/wp-content/plugins/elementor-pro/assets/css/widget-animated-headline.min7ac2.css]
[mapus.io/wp-content/plugins/elementor/assets/css/widget-heading.min1c88.css]
[mapus.io/wp-content/plugins/elementor/assets/css/conditionals/shapes.min1c88.css]
[mapus.io/wp-content/plugins/elementor/assets/css/widget-text-editor.min1c88.css]
[mapus.io/wp-content/plugins/essential-addons-for-elementor-lite/assets/front-end/css/view/general.min42c6.css]
[mapus.io/wp-content/uploads/essential-addons-elementor/eael-426726b.css]
[mapus.io/wp-content/plugins/elementor/assets/lib/eicons/fonts/eiconsa7eb.eot]
[mapus.io/wp-content/plugins/elementor/assets/lib/eicons/fonts/eiconsa7eb.woff2]
[mapus.io/wp-content/plugins/elementor/assets/lib/eicons/fonts/eiconsa7eb.woff]
[mapus.io/wp-content/plugins/elementor/assets/lib/eicons/fonts/eiconsa7eb.ttf]
[mapus.io/wp-content/plugins/elementor/assets/lib/eicons/css/elementor-icons.min705c.css]
[mapus.io/wp-content/plugins/essential-addons-for-elementor-lite/assets/admin/images/templately/logo-icon.svg]
[mapus.io/wp-content/uploads/elementor/css/post-42fed9.css]
[mapus.io/wp-content/plugins/elementor/assets/css/widget-video.min1c88.css]
[mapus.io/wp-content/uploads/elementor/css/post-42681f3.css]
[mapus.io/wp-content/uploads/elementor/css/post-618981f3.css]
[mapus.io/wp-content/uploads/elementor/css/post-69081f3.css]
[mapus.io/wp-includes/fonts/dashicons7d4b.eot]
[mapus.io/wp-includes/fonts/dashicons7d4b.ttf]
[mapus.io/wp-includes/css/dashicons.minb1cc.css]
[mapus.io/wp-content/plugins/elementor/assets/lib/font-awesome/css/fontawesome.min52d5.css]
[mapus.io/wp-content/plugins/elementor/assets/lib/font-awesome/css/solid.min52d5.css]
[mapus.io/wp-content/plugins/elementor/assets/lib/font-awesome/css/regular.min52d5.css]
[mapus.io/wp-json/wp/v2/pages/3578.json]
[mapus.io/wp-json/oembed/1.0/embedfcd9.json]
[mapus.io/wp-json/oembed/1.0/embed17d7]
[mapus.io/wp-content/uploads/2021/04/How-to-use-MapUs-in-performance-reviews.pdf]
[mapus.io/wp-includes/js/imagesloaded.minbb93.js]
[mapus.io/about-mapus/how-we-map-digital-competence/index.html]
[mapus.io/wp-json/wp/v2/pages/5582.json]
[mapus.io/wp-json/oembed/1.0/embed10bd.json]
[mapus.io/wp-json/oembed/1.0/embedb67b]
[mapus.io/wp-content/uploads/2021/02/Skaermbillede-2021-02-16-135908.png]
[mapus.io/wp-content/uploads/2021/08/Skaermbillede-2021-08-25-150159.png]
[mapus.io/wp-content/uploads/2021/04/Skaermbillede-2021-04-14-094859.png]
[mapus.io/wp-content/uploads/2021/05/Skaermbillede-2021-05-05-kl.-13.05.32-300x300.png]
[mapus.io/about-mapus/our-frameworks/index.html]
[mapus.io/wp-json/wp/v2/pages/1297.json]
[mapus.io/wp-json/oembed/1.0/embedc767.json]
[mapus.io/wp-json/oembed/1.0/embedc735]
[mapus.io/wp-content/uploads/2021/04/The-beginning.png]
[mapus.io/wp-content/uploads/elementor/thumbs/Skaermbillede-2021-05-05-094752-p6plbsisyoxeknjv9nvp13lvulc4g3himzi7fchjb4.png]
[mapus.io/wp-content/uploads/2021/04/workshop-1024x1024.jpg]
[mapus.io/wp-content/uploads/2021/05/Skaermbillede-2021-05-05-095121.png]
[mapus.io/about-mapus/about-mapus-digitalization-our-way/index.html]
[mapus.io/wp-json/wp/v2/pages/1305.json]
[mapus.io/wp-json/oembed/1.0/embed2c96.json]
[mapus.io/wp-json/oembed/1.0/embed3d11]
[mapus.io/wp-content/uploads/2021/06/07D_3812-scaled.jpg]
[mapus.io/wp-content/uploads/2021/06/07D_3575-scaled.jpg]
[mapus.io/wp-content/uploads/2022/10/07D_4868-scaled.jpg]
[mapus.io/wp-content/uploads/2021/06/07D_3745-scaled.jpg]
[mapus.io/wp-content/uploads/2022/10/07D_4821-scaled.jpg]
[mapus.io/about-mapus/about-mapus-team/index.html]
[mapus.io/wp-json/wp/v2/pages/919.json]
[mapus.io/wp-json/oembed/1.0/embedfdaa.json]
[mapus.io/wp-json/oembed/1.0/embedcbc2]
[mapus.io/wp-content/uploads/2018/06/pexels-photo-1152573-1024x683.jpg]
[mapus.io/wp-content/uploads/2021/03/Skaermbillede-2021-03-09-kl.-11.18.58-972x1024.png]
[mapus.io/wp-content/uploads/2022/03/MapUs-competence-overview.png]
[mapus.io/wp-content/uploads/2021/04/Skaermbillede-2021-04-06-kl.-11.12.52-1536x793.png]
[mapus.io/wp-content/uploads/2021/04/Skaermbillede-2021-03-22-095541.png]
[mapus.io/wp-content/uploads/2021/03/Skaermbillede-2021-03-11-kl.-11.57.52.png]
[mapus.io/wp-content/uploads/2021/03/Skaermbillede-2021-03-09-kl.-11.15.19.png]
[mapus.io/wp-content/uploads/2021/05/Region-Midtjylland.pdf]
[mapus.io/wp-content/uploads/2021/05/Horsens-Kommune.pdf]
[mapus.io/wp-content/uploads/2021/06/midt_logo_gengivelse_venstre1.jpg]
[mapus.io/wp-content/uploads/2021/06/horsens_kommune_logo_sort_rgb.png]
[mapus.io/solutions/solutions-hr/index.html]
[mapus.io/wp-json/wp/v2/pages/1272.json]
[mapus.io/wp-json/oembed/1.0/embedaffa.json]
[mapus.io/wp-json/oembed/1.0/embed7298]
[mapus.io/wp-content/uploads/2021/03/Skaermbillede-2021-03-08-kl.-14.42.54-1024x746.png]
[mapus.io/wp-content/uploads/elementor/thumbs/Skaermbillede-2021-05-12-141829-p723rdlsu6l8b8webpwt2e3yvl8ilwnczj4f9yvkx8.png]
[mapus.io/wp-content/uploads/2021/03/Skaermbillede-2021-03-08-kl.-15.27.24-1536x750.png]
[mapus.io/wp-content/uploads/2021/03/Skaermbillede-2021-03-08-kl.-14.11.19.png]
[mapus.io/wp-content/uploads/2021/05/Skaermbillede-2021-05-05-kl.-13.05.32.png]
[mapus.io/wp-content/uploads/2021/05/Glostrup-og-Albertslund-Kommune.pdf]
[mapus.io/wp-content/uploads/2021/05/Holstebro-Kommune.pdf]
[mapus.io/wp-content/uploads/elementor/thumbs/logo-p8ghjxhxnltgn8i22exn46t4fki3w0a1dy8bjm8cy2.png]
[mapus.io/wp-content/uploads/elementor/thumbs/download-p8ghkqmxjgxcn5bqc9j2rhgeuiihimhptygdf715mk.png]
[mapus.io/wp-content/uploads/elementor/thumbs/hk-logo-normal-og-p8ghpew1itbodcjc1s9anszx6hh6sg1o538abq3pcy.jpg]
[mapus.io/solutions/solutions-management-digital-leadership/index.html]
[mapus.io/wp-json/wp/v2/pages/1271.json]
[mapus.io/wp-json/oembed/1.0/embedbdcc.json]
[mapus.io/wp-json/oembed/1.0/embedd3f3]
[mapus.io/wp-content/uploads/2021/03/Skaermbillede-2021-03-08-kl.-14.38.27-e1615465892164-1024x548.png]
[mapus.io/wp-content/uploads/2021/03/Skaermbillede-2021-03-08-kl.-13.45.36-1536x1076.png]
[mapus.io/wp-content/uploads/2021/06/VR-CASE.pdf]
[mapus.io/wp-content/uploads/2021/04/VR.jpg]
[mapus.io/solutions/solutions-digitalization-consultants/index.html]
[mapus.io/wp-json/wp/v2/pages/1273.json]
[mapus.io/wp-json/oembed/1.0/embed4575.json]
[mapus.io/wp-json/oembed/1.0/embedf329]
[mapus.io/wp-content/uploads/2021/03/Skaermbillede-2021-03-08-kl.-14.33.04-1024x750.png]
[mapus.io/wp-content/uploads/2021/03/Skaermbillede-2021-03-11-kl.-11.54.13.png]
[mapus.io/wp-content/uploads/2021/05/Case_-Komponent.pdf]
[mapus.io/wp-content/uploads/2021/05/RGB_KKomponent_lodret-1.png]
[mapus.io/solutions/solutions-consultancy/index.html]
[mapus.io/wp-json/wp/v2/pages/1274.json]
[mapus.io/wp-json/oembed/1.0/embedec1e.json]
[mapus.io/wp-json/oembed/1.0/embed6be2]
[mapus.io/wp-content/uploads/2021/03/Skaermbillede-2021-03-08-kl.-14.48.19-1024x810.png]
[mapus.io/wp-content/uploads/2021/03/Skaermbillede-2021-03-11-kl.-15.03.55-1024x980.png]
[mapus.io/wp-content/uploads/2021/08/Skaermbillede-2021-08-25-150159-1024x735.png]
[mapus.io/wp-content/uploads/2021/05/UCL.pdf]
[mapus.io/wp-content/uploads/2021/05/Case_-Technische-Hochschule-Nurnberg.pdf]
[mapus.io/wp-content/uploads/elementor/thumbs/ucl-logo-p5qsf4f34aix7o4kye3ox3r50xtx4urobs7b41xexo.png]
[mapus.io/wp-content/uploads/2021/06/2560px-Technische_Hochschule_Nurnberg_Georg_Simon_Ohm_logo.svg.png]
[mapus.io/solutions/solutions-digital-education/index.html]
[mapus.io/wp-json/wp/v2/pages/1275.json]
[mapus.io/wp-json/oembed/1.0/embed863c.json]
[mapus.io/wp-json/oembed/1.0/embed322f]
[mapus.io/wp-content/uploads/2021/03/Skaermbillede-2021-03-08-kl.-14.51.13-1024x822.png]
[mapus.io/wp-content/uploads/2021/03/Skaermbillede-2021-03-09-kl.-09.29.20-1024x922.png]
[mapus.io/wp-content/uploads/2021/03/Skaermbillede-2021-03-09-kl.-13.05.51.png]
[mapus.io/wp-content/uploads/2021/05/Skaermbillede-2021-05-05-kl.-14.13.53.png]
[mapus.io/wp-content/uploads/2021/05/Digitaliseringsstyrelsen.pdf]
[mapus.io/wp-content/uploads/2021/05/imageedit_4_6629310281-2.png]
[mapus.io/solutions/solutions-public-administration-service/index.html]
[mapus.io/wp-json/wp/v2/pages/1276.json]
[mapus.io/wp-json/oembed/1.0/embed15c9.json]
[mapus.io/wp-json/oembed/1.0/embed9362]
[mapus.io/wp-content/uploads/2021/03/Skaermbillede-2021-03-08-kl.-14.35.47-1024x742.png]
[mapus.io/wp-content/uploads/elementor/thumbs/Skaermbillede-2021-03-11-kl.-11.57.52-p4232alda861k4yyxnirfnnrt62qj49u9gittp6mqo.png]
[mapus.io/solutions/solutions-for-private-enterprise/index.html]
[mapus.io/wp-json/wp/v2/pages/9613.json]
[mapus.io/wp-json/oembed/1.0/embed85df.json]
[mapus.io/wp-json/oembed/1.0/embed0348]
[mapus.io/wp-content/plugins/essential-blocks/assets/js/eb-animation-load7063.js]
[mapus.io/pricing/index.html]
[mapus.io/wp-json/wp/v2/pages/437.json]
[mapus.io/wp-json/oembed/1.0/embed4782.json]
[mapus.io/wp-json/oembed/1.0/embed18f5]
[mapus.io/wp-content/uploads/2021/03/Skaermbillede-2021-03-09-kl.-15.44.10-1024x770.png]
[mapus.io/knowledge-base/index.html]
[mapus.io/wp-json/wp/v2/pages/1327.json]
[mapus.io/wp-json/oembed/1.0/embed351f.json]
[mapus.io/wp-json/oembed/1.0/embed912c]
[mapus.io/wp-content/uploads/elementor/thumbs/Skaermbillede-2021-03-18-kl.-19.38.23-p4etruijsb7brranaw0cxjozhf40amp5dngckgf7og.png]
[mapus.io/wp-content/uploads/2021/03/Skaermbillede-2021-03-09-kl.-10.29.56.png]
[mapus.io/wp-content/uploads/2022/03/MapUs-report-overview.png]
[mapus.io/knowledge-base/getting-started-digital-transformation/index.html]
[mapus.io/wp-json/wp/v2/pages/2161.json]
[mapus.io/wp-json/oembed/1.0/embedb0b0.json]
[mapus.io/wp-json/oembed/1.0/embed35b5]
[mapus.io/knowledge-base/survey-building/index.html]
[mapus.io/wp-json/wp/v2/pages/1330.json]
[mapus.io/wp-json/oembed/1.0/embeda591.json]
[mapus.io/wp-json/oembed/1.0/embed855d]
[mapus.io/wp-content/uploads/elementor/thumbs/pexels-negative-space-34600-scaled-p6pqi433j6i1mog4vs75yqnd77z71etttlq0v0bcmw.jpg]
[mapus.io/wp-content/uploads/elementor/thumbs/Skaermbillede-2021-05-05-kl.-13.05.32-p6ptxja4hbwpslj90yf7p5ejwm4dyxbxvvbk53evnc.png]
[mapus.io/wp-content/uploads/elementor/thumbs/Skaermbillede-2021-05-05-kl.-12.06.14-p6prci762mk2pynz98rhf4j7cqnl5d0bfewj87clh4.png]
[mapus.io/wp-content/uploads/elementor/thumbs/cropped-digitale_kompetencehjul_medium-oxyx380djvr539rx1m14zwj3m6rqzb5q2674pad67s.png]
[mapus.io/knowledge-base/advanced-functions/index.html]
[mapus.io/wp-json/wp/v2/pages/4273.json]
[mapus.io/wp-json/oembed/1.0/embed7e27.json]
[mapus.io/wp-json/oembed/1.0/embedc819]
[mapus.io/knowledge-base/cases/index.html]
[mapus.io/wp-json/wp/v2/pages/2251.json]
[mapus.io/wp-json/oembed/1.0/embedfe69.json]
[mapus.io/wp-json/oembed/1.0/embedd24a]
[mapus.io/wp-content/uploads/2021/05/Create-and-view-groups.png]
[mapus.io/wp-content/uploads/2022/03/Baseline-and-benchmark-reports-_-Videoskilt-til-mapus.io_.jpg]
[mapus.io/wp-content/uploads/2021/05/Manage-admin-access.png]
[mapus.io/wp-content/uploads/2021/05/How-to-login.png]
[mapus.io/wp-content/uploads/2021/05/Survey.png]
[mapus.io/wp-content/uploads/2021/05/Questionnaire.png]
[mapus.io/wp-content/uploads/2021/05/Competences.png]
[mapus.io/wp-content/uploads/2021/05/Taxonomy.png]
[mapus.io/wp-content/uploads/2021/05/Resources.png]
[mapus.io/wp-content/uploads/2021/05/Personas.png]
[mapus.io/knowledge-base/tutorials/index.html]
[mapus.io/wp-json/wp/v2/pages/8014.json]
[mapus.io/wp-json/oembed/1.0/embedda97.json]
[mapus.io/wp-json/oembed/1.0/embed7997]
[mapus.io/knowledge-base/faq/index.html]
[mapus.io/wp-json/wp/v2/pages/2135.json]
[mapus.io/wp-json/oembed/1.0/embed8764.json]
[mapus.io/wp-json/oembed/1.0/embedccf7]
[mapus.io/contact-and-support/index.html]
[mapus.io/wp-json/wp/v2/pages/1345.json]
[mapus.io/wp-json/oembed/1.0/embed4498.json]
[mapus.io/wp-json/oembed/1.0/embed0c89]
[mapus.io/wp-content/uploads/2021/04/Reseller-pricinglist-MapUs-2021.pdf]
[mapus.io/reseller/index.html]
[mapus.io/wp-json/wp/v2/pages/2213.json]
[mapus.io/wp-json/oembed/1.0/embed41da.json]
[mapus.io/wp-json/oembed/1.0/embed8b9c]
[mapus.io/wp-content/uploads/elementor/thumbs/logo-p8ghjxhyvglbsnbi594cp5th329j9viko9bno26m3g.png]
[mapus.io/wp-content/uploads/elementor/thumbs/download-p8ghkqmyrbp7sk56f3pscggri09wwhq949jpjmzess.png]
[mapus.io/knowledge-base/survey-building/personas/index.html]
[mapus.io/wp-json/wp/v2/pages/2030.json]
[mapus.io/wp-json/oembed/1.0/embed0a69.json]
[mapus.io/wp-json/oembed/1.0/embeda9c2]
[mapus.io/wp-content/uploads/elementor/thumbs/workshop-p5r66sn735369w5a2rdwkokqsieb3oisdd5sqes2bc.jpg]
[mapus.io/wp-content/uploads/elementor/thumbs/Skaermbillede-2021-05-05-kl.-14.13.19-p6pwva4ik7fv2qr1mi4ysfrqemodayddpkjdw6komw.png]
[mapus.io/knowledge-base/getting-started-digital-transformation/internal-facilitation/index.html]
[mapus.io/wp-json/wp/v2/pages/2114.json]
[mapus.io/wp-json/oembed/1.0/embed5fbb.json]
[mapus.io/wp-json/oembed/1.0/embede98c]
[mapus.io/wp-content/uploads/2020/11/cropped-cropped-cropped-digitale_kompetencehjul_medium-300x300.png]
[mapus.io/knowledge-base/advanced-functions/mapus-vs-other-survey-software/index.html]
[mapus.io/wp-json/wp/v2/pages/5154.json]
[mapus.io/wp-json/oembed/1.0/embedee24.json]
[mapus.io/wp-json/oembed/1.0/embed224a]
[mapus.io/wp-content/uploads/2023/09/Data-Ethics-Policy-for-Center-for-Digital-Dannelse-updated-28_07_23.pdf]
[mapus.io/privacy-policy-and-terms-of-service/index.html]
[mapus.io/wp-content/plugins/essential-blocks/assets/js/eb-blocks-localized363.js]
[mapus.io/wp-content/uploads/essential-addons-elementor/eael-426726b.js]
[mapus.io/wp-content/plugins/addon-elements-for-elementor-page-builder/assets/css/arrow-left.svg]
[mapus.io/wp-content/plugins/addon-elements-for-elementor-page-builder/assets/css/arrow-right.svg]
[mapus.io/wp-content/plugins/addon-elements-for-elementor-page-builder/assets/digit-sep-svg.svg]
[mapus.io/wp-content/plugins/addon-elements-for-elementor-page-builder/assets/digits-svg-alpha.svg]
[mapus.io/wp-content/plugins/elementor/assets/lib/font-awesome/webfonts/fa-brands-400.svg]
[mapus.io/wp-content/plugins/elementor/assets/lib/font-awesome/webfonts/fa-regular-400.svg]
[mapus.io/wp-content/plugins/elementor/assets/lib/font-awesome/webfonts/fa-solid-900.svg]
[mapus.io/wp-content/plugins/elementor/assets/lib/eicons/fonts/eiconsa7eb.svg]
[mapus.io/wp-content/uploads/essential-addons-elementor/eael-357850c2.css]
[mapus.io/wp-content/plugins/elementor/assets/css/widget-divider.min1c88.css]
[mapus.io/wp-content/plugins/elementor-pro/assets/css/widget-posts.min7ac2.css]
[mapus.io/wp-content/uploads/elementor/css/post-357809fa.css]
[mapus.io/index9c77.html]
[mapus.io/wp-json/wp/v2/pages/1959.json]
[mapus.io/wp-json/oembed/1.0/embed4b89.json]
[mapus.io/wp-json/oembed/1.0/embed3356]
[mapus.io/knowledge-base/getting-started-digital-transformation/preparation-guide/index.html]
[mapus.io/wp-json/wp/v2/pages/1567.json]
[mapus.io/wp-json/oembed/1.0/embed98c2.json]
[mapus.io/wp-json/oembed/1.0/embedd749]
[mapus.io/wp-content/uploads/2021/03/Skaermbillede-2021-03-18-kl.-19.38.23.png]
[mapus.io/knowledge-base/getting-started-digital-transformation/roadmap-digital-transformation/index.html]
[mapus.io/wp-content/uploads/essential-addons-elementor/eael-357850c2.js]
[mapus.io/wp-content/uploads/essential-addons-elementor/eael-5582aed4.css]
[mapus.io/wp-content/uploads/elementor/css/post-55823051.css]
[mapus.io/indexf37c.html]
[mapus.io/wp-content/uploads/essential-addons-elementor/eael-5582aed4.js]
[mapus.io/wp-content/uploads/essential-addons-elementor/eael-1297ba49.css]
[mapus.io/wp-content/uploads/elementor/css/post-1297c327.css]
[mapus.io/index214b.html]
[mapus.io/wp-json/wp/v2/pages/1559.json]
[mapus.io/wp-json/oembed/1.0/embed48e0.json]
[mapus.io/wp-json/oembed/1.0/embedd90d]
[mapus.io/knowledge-base/getting-started-digital-transformation/basic-feature-guide/index.html]
[mapus.io/wp-content/uploads/essential-addons-elementor/eael-1297ba49.js]
[mapus.io/wp-content/uploads/essential-addons-elementor/eael-13058e71.css]
[mapus.io/wp-content/uploads/elementor/css/post-13051af3.css]
[mapus.io/wp-content/plugins/elementor/assets/lib/font-awesome/css/brands.min52d5.css]
[mapus.io/index5628.html]
[mapus.io/wp-content/uploads/essential-addons-elementor/eael-13058e71.js]
[mapus.io/wp-content/uploads/essential-addons-elementor/eael-919e284.css]
[mapus.io/wp-content/plugins/elementor/assets/lib/animations/styles/fadeInUp.min1c88.css]
[mapus.io/wp-content/plugins/elementor/assets/lib/swiper/v8/css/swiper.min94a4.css]
[mapus.io/wp-content/plugins/elementor/assets/css/conditionals/e-swiper.min1c88.css]
[mapus.io/wp-content/plugins/elementor-pro/assets/css/widget-slides.min7ac2.css]
[mapus.io/wp-content/uploads/elementor/css/post-919f73c.css]
[mapus.io/index6f5e.html]
[mapus.io/wp-content/uploads/essential-addons-elementor/eael-919e284.js]
[mapus.io/wp-content/uploads/essential-addons-elementor/eael-1272173c.css]
[mapus.io/wp-content/uploads/elementor/css/post-12723d36.css]
[mapus.io/index0916.html]
[mapus.io/wp-content/uploads/essential-addons-elementor/eael-1272173c.js]
[mapus.io/wp-content/uploads/essential-addons-elementor/eael-12715af7.css]
[mapus.io/wp-content/uploads/elementor/css/post-1271e272.css]
[mapus.io/index0ba7.html]
[mapus.io/wp-content/uploads/essential-addons-elementor/eael-12715af7.js]
[mapus.io/wp-content/uploads/essential-addons-elementor/eael-12734430.css]
[mapus.io/wp-content/uploads/elementor/css/post-12736444.css]
[mapus.io/indexe6c6.html]
[mapus.io/wp-content/uploads/essential-addons-elementor/eael-12734430.js]
[mapus.io/wp-content/uploads/essential-addons-elementor/eael-1274b787.css]
[mapus.io/wp-content/uploads/elementor/css/post-1274d0d9.css]
[mapus.io/indexc2c4.html]
[mapus.io/wp-content/uploads/essential-addons-elementor/eael-1274b787.js]
[mapus.io/wp-content/uploads/essential-addons-elementor/eael-1275c28a.css]
[mapus.io/wp-content/uploads/elementor/css/post-12759244.css]
[mapus.io/index174b.html]
[mapus.io/wp-content/uploads/essential-addons-elementor/eael-1275c28a.js]
[mapus.io/wp-content/uploads/essential-addons-elementor/eael-12767fb7.css]
[mapus.io/wp-content/uploads/elementor/css/post-1276dc79.css]
[mapus.io/index6c09.html]
[mapus.io/wp-content/uploads/essential-addons-elementor/eael-12767fb7.js]
[mapus.io/wp-includes/css/dist/block-library/style.minb1cc.css]
[mapus.io/wp-content/uploads/eb-style/frontend/frontend-9613.min7bf4.css]
[mapus.io/wp-content/uploads/eb-style/eb-style-9613.mind420.css]
[mapus.io/indexb206.html]
[mapus.io/wp-content/plugins/essential-blocks/assets/css/animate.minbb49.css]
[mapus.io/wp-content/plugins/essential-blocks/assets/fontawesome/webfonts/fa-brands-400.woff2]
[mapus.io/wp-content/plugins/essential-blocks/assets/fontawesome/webfonts/fa-brands-400.ttf]
[mapus.io/wp-content/plugins/essential-blocks/assets/fontawesome/webfonts/fa-regular-400.woff2]
[mapus.io/wp-content/plugins/essential-blocks/assets/fontawesome/webfonts/fa-regular-400.ttf]
[mapus.io/wp-content/plugins/essential-blocks/assets/fontawesome/webfonts/fa-solid-900.woff2]
[mapus.io/wp-content/plugins/essential-blocks/assets/fontawesome/webfonts/fa-solid-900.ttf]
[mapus.io/wp-content/plugins/essential-blocks/assets/fontawesome/webfonts/fa-v4compatibility.woff2]
[mapus.io/wp-content/plugins/essential-blocks/assets/fontawesome/webfonts/fa-v4compatibility.ttf]
[mapus.io/wp-content/plugins/essential-blocks/assets/fontawesome/css/all.minbb49.css]
[mapus.io/wp-content/uploads/essential-addons-elementor/eael-437ad17.css]
[mapus.io/wp-content/plugins/elementor-pro/assets/css/widget-search-form.min7ac2.css]
[mapus.io/wp-content/uploads/elementor/css/post-437fe05.css]
[mapus.io/index14c7.html]
[mapus.io/help/getting-started/index.html]
[mapus.io/help/survey-building/index.html]
[mapus.io/help/advanced-functions/index.html]
[mapus.io/help/tutorials/index.html]
[mapus.io/wp-json/wp/v2/pages/2258.json]
[mapus.io/wp-json/oembed/1.0/embedecdf.json]
[mapus.io/wp-json/oembed/1.0/embed7f4a]
[mapus.io/wp-content/uploads/elementor/thumbs/Skaermbillede-2021-04-06-kl.-09.42.55-p5b409lf540yrlg2bfcd09j8ou9h7usr14zgq01sx8.png]
[mapus.io/wp-content/uploads/elementor/thumbs/Skaermbillede-2021-04-06-kl.-09.43.24-p5b41nev7bx5uxfp8ivl6eyo69fxjtaivzk75nzxrg.png]
[mapus.io/wp-content/uploads/elementor/thumbs/Skaermbillede-2021-04-06-kl.-09.43.48-p5b42hhpa12c6g80cvvne7df6lboe4lxo4fqiirc8c.png]
[mapus.io/wp-content/plugins/addon-elements-for-elementor-page-builder/assets/lib/tablesorter/tablesorterfa23.js]
[mapus.io/wp-content/plugins/addon-elements-for-elementor-page-builder/assets/lib/lottie/lottie.min76f9.js]
[mapus.io/knowledge-base/getting-started-digital-transformation/admin-guide/index.html]
[mapus.io/wp-json/wp/v2/pages/2776.json]
[mapus.io/wp-json/oembed/1.0/embedeba0.json]
[mapus.io/wp-json/oembed/1.0/embedb43f]
[mapus.io/wp-content/uploads/2022/03/MapUs-Individual-User-Score-1024x558.png]
[mapus.io/wp-content/uploads/2022/03/MapUs-Question-Scores-1024x769.png]
[mapus.io/wp-content/uploads/2022/03/MapUs-Pivot-Table-1024x666.png]
[mapus.io/wp-content/uploads/2022/03/MapUs-Export-Key-Figures.png]
[mapus.io/knowledge-base/getting-started-digital-transformation/result-guide/index.html]
[mapus.io/wp-json/wp/v2/pages/2206.json]
[mapus.io/wp-json/oembed/1.0/embedf893.json]
[mapus.io/wp-json/oembed/1.0/embed550e]
[mapus.io/knowledge-base/survey-building/idea-integration-guide/index.html]
[mapus.io/wp-json/wp/v2/pages/2197.json]
[mapus.io/wp-json/oembed/1.0/embed80bb.json]
[mapus.io/wp-json/oembed/1.0/embed1b01]
[mapus.io/knowledge-base/survey-building/survey-building-101/index.html]
[mapus.io/wp-json/wp/v2/pages/2874.json]
[mapus.io/wp-json/oembed/1.0/embede5ec.json]
[mapus.io/wp-json/oembed/1.0/embed9699]
[mapus.io/knowledge-base/advanced-functions/coloring-questions/index.html]
[mapus.io/wp-json/wp/v2/pages/2939.json]
[mapus.io/wp-json/oembed/1.0/embed57be.json]
[mapus.io/wp-json/oembed/1.0/embed3c41]
[mapus.io/wp-content/uploads/elementor/thumbs/Skaermbillede-2021-03-22-095122-p5lssx4fntfmmglau3uiq3vxc05y10pthm21ubru3k.png]
[mapus.io/knowledge-base/advanced-functions/question-building-guide/index.html]
[mapus.io/wp-content/uploads/essential-addons-elementor/eael-437ad17.js]
[mapus.io/wp-content/uploads/essential-addons-elementor/eael-13274a1f.css]
[mapus.io/wp-content/uploads/elementor/css/post-13274d5d.css]
[mapus.io/index164e.html]
[mapus.io/wp-content/uploads/essential-addons-elementor/eael-13274a1f.js]
[mapus.io/wp-content/uploads/essential-addons-elementor/eael-21619e95.css]
[mapus.io/wp-content/uploads/elementor/css/post-2161c71a.css]
[mapus.io/index83ee.html]
[mapus.io/survey-building-101/index.html]
[mapus.io/wp-content/uploads/essential-addons-elementor/eael-21619e95.js]
[mapus.io/wp-content/uploads/essential-addons-elementor/eael-1330d0a2.css]
[mapus.io/wp-content/uploads/elementor/css/post-1330c5f8.css]
[mapus.io/index86d6.html]
[mapus.io/wp-content/uploads/essential-addons-elementor/eael-1330d0a2.js]
[mapus.io/wp-content/uploads/essential-addons-elementor/eael-4273cf33.css]
[mapus.io/wp-content/uploads/elementor/css/post-427375ee.css]
[mapus.io/index8155.html]
[mapus.io/wp-content/uploads/essential-addons-elementor/eael-4273cf33.js]
[mapus.io/wp-content/uploads/essential-addons-elementor/eael-2251e894.css]
[mapus.io/wp-content/plugins/elementor-pro/assets/css/widget-media-carousel.min7ac2.css]
[mapus.io/wp-content/plugins/elementor-pro/assets/css/widget-carousel-module-base.min7ac2.css]
[mapus.io/wp-content/uploads/elementor/css/post-2251b5b0.css]
[mapus.io/indexbd91.html]
[mapus.io/knowledge-base/tutorials/https_/mapus.io/wp-content/uploads/2021/05/Create-and-view-groups.html]
[mapus.io/knowledge-base/tutorials/https_/mapus.io/wp-content/uploads/2022/03/Baseline-and-benchmark-reports-_-Videoskilt-til-mapus.io_.html]
[mapus.io/knowledge-base/tutorials/https_/mapus.io/wp-content/uploads/2021/05/Manage-admin-access.html]
[mapus.io/knowledge-base/tutorials/https_/mapus.io/wp-content/uploads/2021/05/How-to-login.html]
[mapus.io/knowledge-base/tutorials/https_/mapus.io/wp-content/uploads/2021/05/Survey.html]
[mapus.io/knowledge-base/tutorials/https_/mapus.io/wp-content/uploads/2021/05/Questionnaire.html]
[mapus.io/knowledge-base/tutorials/https_/mapus.io/wp-content/uploads/2021/05/Competences.html]
[mapus.io/knowledge-base/tutorials/https_/mapus.io/wp-content/uploads/2021/05/Taxonomy.html]
[mapus.io/knowledge-base/tutorials/https_/mapus.io/wp-content/uploads/2021/05/Resources.html]
[mapus.io/knowledge-base/tutorials/https_/mapus.io/wp-content/uploads/2021/05/Personas.html]
[mapus.io/wp-content/uploads/essential-addons-elementor/eael-2251e894.js]
[mapus.io/wp-content/uploads/essential-addons-elementor/eael-80144cf6.css]
[mapus.io/wp-content/plugins/elementor/assets/css/widget-toggle.min1c88.css]
[mapus.io/wp-content/uploads/elementor/css/post-80146367.css]
[mapus.io/index21c6.html]
[mapus.io/wp-content/uploads/essential-addons-elementor/eael-80144cf6.js]
[mapus.io/wp-content/uploads/essential-addons-elementor/eael-2135e274.css]
[mapus.io/wp-content/plugins/elementor/assets/css/widget-google_maps.min1c88.css]
[mapus.io/wp-content/uploads/elementor/css/post-21350351.css]
[mapus.io/indexbb9e.html]
[mapus.io/wp-content/uploads/essential-addons-elementor/eael-2135e274.js]
[mapus.io/wp-content/uploads/essential-addons-elementor/eael-1345d746.css]
[mapus.io/wp-content/uploads/elementor/css/post-1345540f.css]
[mapus.io/index9a45.html]
[mapus.io/wp-content/uploads/essential-addons-elementor/eael-1345d746.js]
[mapus.io/wp-content/uploads/essential-addons-elementor/eael-2213589a.css]
[mapus.io/wp-content/uploads/elementor/css/post-221327d2.css]
[mapus.io/index97bf.html]
[mapus.io/wp-content/uploads/essential-addons-elementor/eael-2213589a.js]
[mapus.io/wp-content/uploads/essential-addons-elementor/eael-20302ed9.css]
[mapus.io/wp-content/uploads/elementor/css/post-2030107b.css]
[mapus.io/indexb776.html]
[mapus.io/wp-content/uploads/essential-addons-elementor/eael-20302ed9.js]
[mapus.io/wp-content/uploads/essential-addons-elementor/eael-21144534.css]
[mapus.io/wp-content/uploads/elementor/css/post-2114c231.css]
[mapus.io/index4faf.html]
[mapus.io/wp-content/uploads/essential-addons-elementor/eael-21144534.js]
[mapus.io/wp-content/uploads/essential-addons-elementor/eael-5154c875.css]
[mapus.io/wp-content/plugins/elementor/assets/css/widget-menu-anchor.min1c88.css]
[mapus.io/wp-content/uploads/elementor/css/post-51541bb0.css]
[mapus.io/index04e7.html]
[mapus.io/wp-content/uploads/essential-addons-elementor/eael-5154c875.js]
[mapus.io/wp-content/uploads/essential-addons-elementor/eael-19599ef2.css]
[mapus.io/wp-content/plugins/elementor/assets/css/widget-icon-list.min1c88.css]
[mapus.io/wp-content/plugins/elementor/assets/css/widget-icon-box.min1c88.css]
[mapus.io/wp-content/uploads/elementor/css/post-1959e028.css]
[mapus.io/indexbe1b.html]
[mapus.io/wp-content/uploads/essential-addons-elementor/eael-19599ef2.js]
[mapus.io/wp-content/uploads/essential-addons-elementor/eael-1567bdea.css]
[mapus.io/wp-content/uploads/elementor/css/post-1567c041.css]
[mapus.io/indexbd0a.html]
[mapus.io/wp-content/uploads/essential-addons-elementor/eael-1567bdea.js]
[mapus.io/wp-content/uploads/img/bg.html]
[mapus.io/wp-content/uploads/essential-addons-elementor/eael-15595838.css]
[mapus.io/wp-content/uploads/elementor/css/post-1559bad0.css]
[mapus.io/index8fe5.html]
[mapus.io/wp-content/uploads/essential-addons-elementor/eael-15595838.js]
[mapus.io/wp-content/uploads/essential-addons-elementor/eael-22581215.css]
[mapus.io/wp-content/uploads/elementor/css/post-2258f83a.css]
[mapus.io/index4a57.html]
[mapus.io/wp-content/uploads/essential-addons-elementor/eael-22581215.js]
[mapus.io/wp-content/uploads/essential-addons-elementor/eael-27765faf.css]
[mapus.io/wp-content/uploads/elementor/css/post-2776a0a2.css]
[mapus.io/index65fd.html]
[mapus.io/wp-content/uploads/essential-addons-elementor/eael-27765faf.js]
[mapus.io/wp-content/uploads/essential-addons-elementor/eael-22064066.css]
[mapus.io/wp-content/uploads/elementor/css/post-2206ba89.css]
[mapus.io/index4887.html]
[mapus.io/wp-content/uploads/essential-addons-elementor/eael-22064066.js]
[mapus.io/wp-content/uploads/essential-addons-elementor/eael-2197f58b.css]
[mapus.io/wp-content/uploads/elementor/css/post-2197861a.css]
[mapus.io/index37c7.html]
[mapus.io/wp-content/uploads/essential-addons-elementor/eael-2197f58b.js]
[mapus.io/wp-content/uploads/essential-addons-elementor/eael-2874cd40.css]
[mapus.io/wp-content/uploads/elementor/css/post-28748f35.css]
[mapus.io/indexcdbf.html]
[mapus.io/wp-content/uploads/essential-addons-elementor/eael-2874cd40.js]
[mapus.io/wp-content/uploads/essential-addons-elementor/eael-2939136d.css]
[mapus.io/wp-content/uploads/elementor/css/post-2939cab8.css]
[mapus.io/index021b.html]
[mapus.io/wp-content/uploads/essential-addons-elementor/eael-2939136d.js]
